------------------------------------------------------------
Timing Analyzer Summary
------------------------------------------------------------

Type  : Slow 1100mV 85C Model Setup 'clk50'
Slack : -6.405
TNS   : -5646.475

Type  : Slow 1100mV 85C Model Setup 'altera_reserved_tck'
Slack : 8.682
TNS   : 0.000

Type  : Slow 1100mV 85C Model Setup 'VGA|u_pll|vga_pll_inst|altera_pll_i|general[0].gpll~PLL_OUTPUT_COUNTER|divclk'
Slack : 29.824
TNS   : 0.000

Type  : Slow 1100mV 85C Model Hold 'clk50'
Slack : 0.372
TNS   : 0.000

Type  : Slow 1100mV 85C Model Hold 'VGA|u_pll|vga_pll_inst|altera_pll_i|general[0].gpll~PLL_OUTPUT_COUNTER|divclk'
Slack : 0.435
TNS   : 0.000

Type  : Slow 1100mV 85C Model Hold 'altera_reserved_tck'
Slack : 0.463
TNS   : 0.000

Type  : Slow 1100mV 85C Model Recovery 'altera_reserved_tck'
Slack : 29.508
TNS   : 0.000

Type  : Slow 1100mV 85C Model Removal 'altera_reserved_tck'
Slack : 0.588
TNS   : 0.000

Type  : Slow 1100mV 85C Model Minimum Pulse Width 'VGA|u_pll|vga_pll_inst|altera_pll_i|general[0].gpll~FRACTIONAL_PLL|vcoph[0]'
Slack : 1.666
TNS   : 0.000

Type  : Slow 1100mV 85C Model Minimum Pulse Width 'clk50'
Slack : 8.862
TNS   : 0.000

Type  : Slow 1100mV 85C Model Minimum Pulse Width 'altera_reserved_tck'
Slack : 15.096
TNS   : 0.000

Type  : Slow 1100mV 85C Model Minimum Pulse Width 'VGA|u_pll|vga_pll_inst|altera_pll_i|general[0].gpll~PLL_OUTPUT_COUNTER|divclk'
Slack : 18.774
TNS   : 0.000

Type  : Slow 1100mV 0C Model Setup 'clk50'
Slack : -6.937
TNS   : -6169.345

Type  : Slow 1100mV 0C Model Setup 'altera_reserved_tck'
Slack : 8.940
TNS   : 0.000

Type  : Slow 1100mV 0C Model Setup 'VGA|u_pll|vga_pll_inst|altera_pll_i|general[0].gpll~PLL_OUTPUT_COUNTER|divclk'
Slack : 29.929
TNS   : 0.000

Type  : Slow 1100mV 0C Model Hold 'clk50'
Slack : 0.375
TNS   : 0.000

Type  : Slow 1100mV 0C Model Hold 'altera_reserved_tck'
Slack : 0.409
TNS   : 0.000

Type  : Slow 1100mV 0C Model Hold 'VGA|u_pll|vga_pll_inst|altera_pll_i|general[0].gpll~PLL_OUTPUT_COUNTER|divclk'
Slack : 0.430
TNS   : 0.000

Type  : Slow 1100mV 0C Model Recovery 'altera_reserved_tck'
Slack : 29.638
TNS   : 0.000

Type  : Slow 1100mV 0C Model Removal 'altera_reserved_tck'
Slack : 0.563
TNS   : 0.000

Type  : Slow 1100mV 0C Model Minimum Pulse Width 'VGA|u_pll|vga_pll_inst|altera_pll_i|general[0].gpll~FRACTIONAL_PLL|vcoph[0]'
Slack : 1.666
TNS   : 0.000

Type  : Slow 1100mV 0C Model Minimum Pulse Width 'clk50'
Slack : 8.818
TNS   : 0.000

Type  : Slow 1100mV 0C Model Minimum Pulse Width 'altera_reserved_tck'
Slack : 15.084
TNS   : 0.000

Type  : Slow 1100mV 0C Model Minimum Pulse Width 'VGA|u_pll|vga_pll_inst|altera_pll_i|general[0].gpll~PLL_OUTPUT_COUNTER|divclk'
Slack : 18.753
TNS   : 0.000

Type  : Fast 1100mV 85C Model Setup 'clk50'
Slack : 5.559
TNS   : 0.000

Type  : Fast 1100mV 85C Model Setup 'altera_reserved_tck'
Slack : 11.724
TNS   : 0.000

Type  : Fast 1100mV 85C Model Setup 'VGA|u_pll|vga_pll_inst|altera_pll_i|general[0].gpll~PLL_OUTPUT_COUNTER|divclk'
Slack : 33.918
TNS   : 0.000

Type  : Fast 1100mV 85C Model Hold 'clk50'
Slack : 0.182
TNS   : 0.000

Type  : Fast 1100mV 85C Model Hold 'altera_reserved_tck'
Slack : 0.210
TNS   : 0.000

Type  : Fast 1100mV 85C Model Hold 'VGA|u_pll|vga_pll_inst|altera_pll_i|general[0].gpll~PLL_OUTPUT_COUNTER|divclk'
Slack : 0.236
TNS   : 0.000

Type  : Fast 1100mV 85C Model Recovery 'altera_reserved_tck'
Slack : 30.639
TNS   : 0.000

Type  : Fast 1100mV 85C Model Removal 'altera_reserved_tck'
Slack : 0.275
TNS   : 0.000

Type  : Fast 1100mV 85C Model Minimum Pulse Width 'VGA|u_pll|vga_pll_inst|altera_pll_i|general[0].gpll~FRACTIONAL_PLL|vcoph[0]'
Slack : 1.666
TNS   : 0.000

Type  : Fast 1100mV 85C Model Minimum Pulse Width 'clk50'
Slack : 8.806
TNS   : 0.000

Type  : Fast 1100mV 85C Model Minimum Pulse Width 'altera_reserved_tck'
Slack : 14.872
TNS   : 0.000

Type  : Fast 1100mV 85C Model Minimum Pulse Width 'VGA|u_pll|vga_pll_inst|altera_pll_i|general[0].gpll~PLL_OUTPUT_COUNTER|divclk'
Slack : 18.889
TNS   : 0.000

Type  : Fast 1100mV 0C Model Setup 'clk50'
Slack : 6.564
TNS   : 0.000

Type  : Fast 1100mV 0C Model Setup 'altera_reserved_tck'
Slack : 12.348
TNS   : 0.000

Type  : Fast 1100mV 0C Model Setup 'VGA|u_pll|vga_pll_inst|altera_pll_i|general[0].gpll~PLL_OUTPUT_COUNTER|divclk'
Slack : 34.485
TNS   : 0.000

Type  : Fast 1100mV 0C Model Hold 'clk50'
Slack : 0.172
TNS   : 0.000

Type  : Fast 1100mV 0C Model Hold 'altera_reserved_tck'
Slack : 0.174
TNS   : 0.000

Type  : Fast 1100mV 0C Model Hold 'VGA|u_pll|vga_pll_inst|altera_pll_i|general[0].gpll~PLL_OUTPUT_COUNTER|divclk'
Slack : 0.225
TNS   : 0.000

Type  : Fast 1100mV 0C Model Recovery 'altera_reserved_tck'
Slack : 30.925
TNS   : 0.000

Type  : Fast 1100mV 0C Model Removal 'altera_reserved_tck'
Slack : 0.257
TNS   : 0.000

Type  : Fast 1100mV 0C Model Minimum Pulse Width 'VGA|u_pll|vga_pll_inst|altera_pll_i|general[0].gpll~FRACTIONAL_PLL|vcoph[0]'
Slack : 1.666
TNS   : 0.000

Type  : Fast 1100mV 0C Model Minimum Pulse Width 'clk50'
Slack : 8.801
TNS   : 0.000

Type  : Fast 1100mV 0C Model Minimum Pulse Width 'altera_reserved_tck'
Slack : 14.891
TNS   : 0.000

Type  : Fast 1100mV 0C Model Minimum Pulse Width 'VGA|u_pll|vga_pll_inst|altera_pll_i|general[0].gpll~PLL_OUTPUT_COUNTER|divclk'
Slack : 18.886
TNS   : 0.000

------------------------------------------------------------
